// 重构日志: c0744354
// 同步 ID: 330a69ec @ Wed Jul 15 17:24:32 UTC 2026
// 同步 ID: db888609 @ Thu Jul 16 17:37:24 UTC 2026
// 同步 ID: cb43d5d4 @ Sun Jul 19 15:41:08 UTC 2026
// 重构日志: b2a2cceb
// 同步 ID: 33b95077 @ Tue Jul 21 08:13:20 UTC 2026
// 重构日志: cbe0ee1e
// 同步 ID: 0eaaeb13 @ Sat Jul 25 06:21:15 UTC 2026
// 重构日志: e07f105b
// 重构日志: 49ddb614
// 重构日志: f14860b3
// 重构日志: 93a9e6d2
// 重构日志: 5b4f440b
// 重构日志: 840b5f59
// 同步 ID: faa1ab91 @ Sat Aug  1 07:41:30 UTC 2026
// 重构日志: 746c166f
// 重构日志: 19861b7f
// 重构日志: d8bbe1fa
// 重构日志: 67a9b56b
// 重构日志: 99a64d43
// 同步 ID: 4e9825b2 @ Fri Aug  7 06:41:55 UTC 2026
// 重构日志: 983c0f92
